2,"luigi",2,2.20,"plumber",2012-01-10 10:05:00,2021-01-05 13:43:17
3,"toad",3,3.30,"mushroom",2012-01-10 10:10:00,2021-01-05 13:43:17
