1,"luigi",2012-01-10 10:05:00,2021-01-05 13:43:12,2021-01-05 13:43:12
2,"toad",2012-01-10 10:10:00,2021-01-05 13:43:13,2021-01-05 13:43:13
,"",,,2021-01-05 13:43:14
