1,"mario",1,1.10,"plumber",2012-01-10 10:00:00,2021-01-05 13:43:11
2,"luigi",2,2.20,"plumber",2012-01-10 10:05:00,2021-01-05 13:43:12
3,"toad",3,3.30,"mushroom",2012-01-10 10:10:00,2021-01-05 13:43:13
4,"princess",4,4.40,"royalty",2012-01-10 10:15:00,2021-01-05 13:43:14
5,"wario",5,5.50,"badguy",2012-01-10 10:25:00,2021-01-05 13:43:15
6,"yoshi",6,6.60,"horse?",2012-01-10 10:25:00,2021-01-05 13:43:27
