1,"mario",1,1.10,"plumber",2012-01-10 10:00:00,2021-01-05 13:43:17
2,"luigi",2,2.20,"plumber",2012-01-10 10:05:00,2021-01-05 13:43:17
