4,"princess",4,4.40,"royalty",2012-01-10 10:15:00,2021-01-05 13:43:17
5,"wario",5,5.50,"badguy",2012-01-10 10:25:00,2021-01-05 13:43:17
6,"yoshi",6,6.60,"horse?",2012-01-10 10:25:00,2021-01-05 13:43:27
