"0000021270","99999.000000000000","1.000000000000","67","P067T03","LSR","0","10.000000000000",".000000000000","25.900000000000","3","N0078","`trboholy zamstnanciOC"",1,9205502,,"",0 0000021271""","1.000000000000","1.000000000000","21","P021T02","LSR","3","30.000000000000",".000000000000",".000000000000","0","","","1","8953046","","","0"
