"6","yoshi","6","6.60","horse?","2012-01-10 10:25:00","2021-01-05 13:43:27.123","0"
"7","nedData","6","6.60","horse?","2023-08-10 10:25:00","2023-08-10 13:43:27.123","0"
"8","asd","6","6.60","horse?","2023-08-10 10:25:00","2023-08-10 13:43:27.123","0"
