"column with backslash \ inside","column with backslash and enclosure \"""
"column with enclosure "", and comma inside text","second column enclosure in text """
"column with \n \t \\","second col"
"columns with
new line","columns with       tab"
"first","something with

double new line"
"line with enclosure","second column"
"unicode characters","lšctžýáíéúäôn"
