Male,ZD111402
Male,ZD111483
Male,ZD111451
Male,ZD111471
Male,ZD111228
